interactions:
- request:
    body: '{}'
    headers:
      Content-Length:
      - '2'
      Content-Type:
      - application/json
      cookie:
      - PRIVATE
    method: POST
    uri: https://www.notion.so/api/v3/loadUserContent
  response:
    body:
      string: '{"recordMap":{"notion_user":{"a03b888f-5426-4e4f-b5ef-bed855b162f0":{"value":{"id":"a03b888f-5426-4e4f-b5ef-bed855b162f0","version":7,"email":"test_py_notion@protonmail.com","onboarding_completed":true,"name":"test_py"},"role":"editor"}},"user_root":{"a03b888f-5426-4e4f-b5ef-bed855b162f0":{"value":{"id":"a03b888f-5426-4e4f-b5ef-bed855b162f0","version":3,"space_views":["703440cc-f5cb-4f27-ba54-a9125a58e033"],"space_view_pointers":[{"id":"703440cc-f5cb-4f27-ba54-a9125a58e033","table":"space_view","spaceId":"d51d3ca5-7889-4c70-b906-3a5a37b60274"}]},"role":"editor"}},"user_settings":{"a03b888f-5426-4e4f-b5ef-bed855b162f0":{"value":{"id":"a03b888f-5426-4e4f-b5ef-bed855b162f0","version":15,"settings":{"type":"personal","persona":"personal","team_role":"unfilled","time_zone":"Asia/Tashkent","signup_time":1638259864507,"cookie_consent":{"id":"2c2f9260-c9a6-4097-bc19-30e5395dfb02","permission":{"necessary":true,"targeting":false,"preference":false,"performance":false}},"preferred_locale":"en-US","ai_onboarding_phase":"ask_ai_anything","used_desktop_web_app":true,"seen_views_intro_modal":true,"preferred_locale_origin":"autodetect","seen_persona_collection":true,"share_menu_tutorial_phase":"complete"}},"role":"editor"}},"space_view":{"703440cc-f5cb-4f27-ba54-a9125a58e033":{"value":{"id":"703440cc-f5cb-4f27-ba54-a9125a58e033","version":46,"space_id":"d51d3ca5-7889-4c70-b906-3a5a37b60274","parent_id":"a03b888f-5426-4e4f-b5ef-bed855b162f0","parent_table":"user_root","alive":true,"notify_mobile":false,"notify_desktop":true,"notify_email":false,"visited_templates":["7e89f436-7aac-4f66-b0a6-6e65ec868d2a","88c9c2b0-d732-4342-8963-0580a4725571","ba43b46e-4ad3-47f7-95f0-58a3ba01476f","2dddc8c5-a711-4aa2-b5b3-ff952a49bcfa","b7572331-51ab-4ed5-a931-5a7d34b08bf0"],"sidebar_hidden_templates":["7e89f436-7aac-4f66-b0a6-6e65ec868d2a","88c9c2b0-d732-4342-8963-0580a4725571","ba43b46e-4ad3-47f7-95f0-58a3ba01476f","2dddc8c5-a711-4aa2-b5b3-ff952a49bcfa","b7572331-51ab-4ed5-a931-5a7d34b08bf0"],"created_getting_started":true,"created_onboarding_templates":true,"joined":true,"settings":{"on_app_start":"first_page","user_survey_data":{"role":{"value":"unfilled","version":1,"collected_at":1638259864507,"collected_from":"onboarding"},"function":{"value":"personal","version":1,"collected_at":1638259864507,"collected_from":"onboarding"}},"notify_email_digest":false}},"role":"editor"}},"space":{"d51d3ca5-7889-4c70-b906-3a5a37b60274":{"value":{"id":"d51d3ca5-7889-4c70-b906-3a5a37b60274","version":6243,"name":"test_py","permissions":[{"role":"editor","type":"user_permission","user_id":"a03b888f-5426-4e4f-b5ef-bed855b162f0"}],"beta_enabled":false,"created_time":1638259881592,"last_edited_time":1657343400000,"created_by_table":"notion_user","created_by_id":"a03b888f-5426-4e4f-b5ef-bed855b162f0","last_edited_by_table":"notion_user","last_edited_by_id":"a03b888f-5426-4e4f-b5ef-bed855b162f0","plan_type":"personal","invite_link_enabled":true,"settings":{"space_survey_data":{"intent":{"value":"personal","version":1,"collected_at":1638259881592,"collected_from":"onboarding"}}},"subscription_tier":"free"},"role":"editor"}}}}'
    headers:
      Content-Type:
      - application/json; charset=utf-8
      Transfer-Encoding:
      - chunked
      alt-svc:
      - h3=":443"; ma=86400
      content-length:
      - '3130'
    status:
      code: 200
      message: OK
- request:
    body: '{}'
    headers:
      Content-Length:
      - '2'
      Content-Type:
      - application/json
      cookie:
      - PRIVATE
      x-notion-active-user-header:
      - a03b888f-5426-4e4f-b5ef-bed855b162f0
    method: POST
    uri: https://www.notion.so/api/v3/loadUserContent
  response:
    body:
      string: '{"recordMap":{"notion_user":{"a03b888f-5426-4e4f-b5ef-bed855b162f0":{"value":{"id":"a03b888f-5426-4e4f-b5ef-bed855b162f0","version":7,"email":"test_py_notion@protonmail.com","onboarding_completed":true,"name":"test_py"},"role":"editor"}},"user_root":{"a03b888f-5426-4e4f-b5ef-bed855b162f0":{"value":{"id":"a03b888f-5426-4e4f-b5ef-bed855b162f0","version":3,"space_views":["703440cc-f5cb-4f27-ba54-a9125a58e033"],"space_view_pointers":[{"id":"703440cc-f5cb-4f27-ba54-a9125a58e033","table":"space_view","spaceId":"d51d3ca5-7889-4c70-b906-3a5a37b60274"}]},"role":"editor"}},"user_settings":{"a03b888f-5426-4e4f-b5ef-bed855b162f0":{"value":{"id":"a03b888f-5426-4e4f-b5ef-bed855b162f0","version":15,"settings":{"type":"personal","persona":"personal","team_role":"unfilled","time_zone":"Asia/Tashkent","signup_time":1638259864507,"cookie_consent":{"id":"2c2f9260-c9a6-4097-bc19-30e5395dfb02","permission":{"necessary":true,"targeting":false,"preference":false,"performance":false}},"preferred_locale":"en-US","ai_onboarding_phase":"ask_ai_anything","used_desktop_web_app":true,"seen_views_intro_modal":true,"preferred_locale_origin":"autodetect","seen_persona_collection":true,"share_menu_tutorial_phase":"complete"}},"role":"editor"}},"space_view":{"703440cc-f5cb-4f27-ba54-a9125a58e033":{"value":{"id":"703440cc-f5cb-4f27-ba54-a9125a58e033","version":46,"space_id":"d51d3ca5-7889-4c70-b906-3a5a37b60274","parent_id":"a03b888f-5426-4e4f-b5ef-bed855b162f0","parent_table":"user_root","alive":true,"notify_mobile":false,"notify_desktop":true,"notify_email":false,"visited_templates":["7e89f436-7aac-4f66-b0a6-6e65ec868d2a","88c9c2b0-d732-4342-8963-0580a4725571","ba43b46e-4ad3-47f7-95f0-58a3ba01476f","2dddc8c5-a711-4aa2-b5b3-ff952a49bcfa","b7572331-51ab-4ed5-a931-5a7d34b08bf0"],"sidebar_hidden_templates":["7e89f436-7aac-4f66-b0a6-6e65ec868d2a","88c9c2b0-d732-4342-8963-0580a4725571","ba43b46e-4ad3-47f7-95f0-58a3ba01476f","2dddc8c5-a711-4aa2-b5b3-ff952a49bcfa","b7572331-51ab-4ed5-a931-5a7d34b08bf0"],"created_getting_started":true,"created_onboarding_templates":true,"joined":true,"settings":{"on_app_start":"first_page","user_survey_data":{"role":{"value":"unfilled","version":1,"collected_at":1638259864507,"collected_from":"onboarding"},"function":{"value":"personal","version":1,"collected_at":1638259864507,"collected_from":"onboarding"}},"notify_email_digest":false}},"role":"editor"}},"space":{"d51d3ca5-7889-4c70-b906-3a5a37b60274":{"value":{"id":"d51d3ca5-7889-4c70-b906-3a5a37b60274","version":6243,"name":"test_py","permissions":[{"role":"editor","type":"user_permission","user_id":"a03b888f-5426-4e4f-b5ef-bed855b162f0"}],"beta_enabled":false,"created_time":1638259881592,"last_edited_time":1657343400000,"created_by_table":"notion_user","created_by_id":"a03b888f-5426-4e4f-b5ef-bed855b162f0","last_edited_by_table":"notion_user","last_edited_by_id":"a03b888f-5426-4e4f-b5ef-bed855b162f0","plan_type":"personal","invite_link_enabled":true,"settings":{"space_survey_data":{"intent":{"value":"personal","version":1,"collected_at":1638259881592,"collected_from":"onboarding"}}},"subscription_tier":"free"},"role":"editor"}}}}'
    headers:
      Content-Type:
      - application/json; charset=utf-8
      Transfer-Encoding:
      - chunked
      alt-svc:
      - h3=":443"; ma=86400
      content-length:
      - '3130'
    status:
      code: 200
      message: OK
- request:
    body: '{"operations": [{"id": "d81f48b1-8ab7-496f-9463-a774bd63ab6d", "path":
      [], "args": {"id": "d81f48b1-8ab7-496f-9463-a774bd63ab6d", "version": 1, "alive":
      true, "created_by_id": "a03b888f-5426-4e4f-b5ef-bed855b162f0", "created_by_table":
      "notion_user", "created_time": 1697561757887, "parent_id": "d51d3ca5-7889-4c70-b906-3a5a37b60274",
      "parent_table": "space", "space_id": "d51d3ca5-7889-4c70-b906-3a5a37b60274",
      "type": "page", "permissions": [{"role": "editor", "type": "user_permission",
      "user_id": "a03b888f-5426-4e4f-b5ef-bed855b162f0"}]}, "command": "set", "table":
      "block"}, {"args": {"last_edited_by_id": "a03b888f-5426-4e4f-b5ef-bed855b162f0",
      "last_edited_by_table": "notion_user", "last_edited_time": 1697561757887}, "command":
      "update", "id": "d81f48b1-8ab7-496f-9463-a774bd63ab6d", "path": [], "table":
      "block"}, {"id": "d51d3ca5-7889-4c70-b906-3a5a37b60274", "path": ["pages"],
      "args": {"id": "d81f48b1-8ab7-496f-9463-a774bd63ab6d"}, "command": "listAfter",
      "table": "space"}, {"args": {"last_edited_by_id": "a03b888f-5426-4e4f-b5ef-bed855b162f0",
      "last_edited_by_table": "notion_user", "last_edited_time": 1697561757887}, "command":
      "update", "id": "d81f48b1-8ab7-496f-9463-a774bd63ab6d", "path": [], "table":
      "block"}]}'
    headers:
      Content-Length:
      - '1234'
      Content-Type:
      - application/json
      cookie:
      - PRIVATE
      x-notion-active-user-header:
      - a03b888f-5426-4e4f-b5ef-bed855b162f0
    method: POST
    uri: https://www.notion.so/api/v3/submitTransaction
  response:
    body:
      string: '{}'
    headers:
      Content-Length:
      - '2'
      Content-Type:
      - application/json; charset=utf-8
      alt-svc:
      - h3=":443"; ma=86400
    status:
      code: 200
      message: OK
- request:
    body: '{"operations": [{"id": "d81f48b1-8ab7-496f-9463-a774bd63ab6d", "path":
      ["properties", "title"], "args": [["TESTING PAGE"]], "command": "set", "table":
      "block"}, {"args": {"last_edited_by_id": "a03b888f-5426-4e4f-b5ef-bed855b162f0",
      "last_edited_by_table": "notion_user", "last_edited_time": 1697561758361}, "command":
      "update", "id": "d81f48b1-8ab7-496f-9463-a774bd63ab6d", "path": [], "table":
      "block"}]}'
    headers:
      Content-Length:
      - '405'
      Content-Type:
      - application/json
      cookie:
      - PRIVATE
      x-notion-active-user-header:
      - a03b888f-5426-4e4f-b5ef-bed855b162f0
    method: POST
    uri: https://www.notion.so/api/v3/submitTransaction
  response:
    body:
      string: '{}'
    headers:
      Content-Length:
      - '2'
      Content-Type:
      - application/json; charset=utf-8
      alt-svc:
      - h3=":443"; ma=86400
    status:
      code: 200
      message: OK
- request:
    body: '{"operations": [{"id": "9a2f135a-aafe-40eb-994b-80c0e05a93b1", "path":
      [], "args": {"id": "9a2f135a-aafe-40eb-994b-80c0e05a93b1", "version": 1, "alive":
      true, "created_by_id": "a03b888f-5426-4e4f-b5ef-bed855b162f0", "created_by_table":
      "notion_user", "created_time": 1697561758682, "parent_id": "d81f48b1-8ab7-496f-9463-a774bd63ab6d",
      "parent_table": "block", "space_id": "d51d3ca5-7889-4c70-b906-3a5a37b60274",
      "type": "collection_view_page", "child_list_key": null}, "command": "set", "table":
      "block"}, {"args": {"last_edited_by_id": "a03b888f-5426-4e4f-b5ef-bed855b162f0",
      "last_edited_by_table": "notion_user", "last_edited_time": 1697561758682}, "command":
      "update", "id": "9a2f135a-aafe-40eb-994b-80c0e05a93b1", "path": [], "table":
      "block"}, {"id": "d81f48b1-8ab7-496f-9463-a774bd63ab6d", "path": ["content"],
      "args": {"id": "9a2f135a-aafe-40eb-994b-80c0e05a93b1"}, "command": "listAfter",
      "table": "block"}, {"args": {"last_edited_by_id": "a03b888f-5426-4e4f-b5ef-bed855b162f0",
      "last_edited_by_table": "notion_user", "last_edited_time": 1697561758682}, "command":
      "update", "id": "d81f48b1-8ab7-496f-9463-a774bd63ab6d", "path": [], "table":
      "block"}, {"args": {"last_edited_by_id": "a03b888f-5426-4e4f-b5ef-bed855b162f0",
      "last_edited_by_table": "notion_user", "last_edited_time": 1697561758682}, "command":
      "update", "id": "d81f48b1-8ab7-496f-9463-a774bd63ab6d", "path": [], "table":
      "block"}, {"args": {"last_edited_by_id": "a03b888f-5426-4e4f-b5ef-bed855b162f0",
      "last_edited_by_table": "notion_user", "last_edited_time": 1697561758682}, "command":
      "update", "id": "9a2f135a-aafe-40eb-994b-80c0e05a93b1", "path": [], "table":
      "block"}]}'
    headers:
      Content-Length:
      - '1649'
      Content-Type:
      - application/json
      cookie:
      - PRIVATE
      x-notion-active-user-header:
      - a03b888f-5426-4e4f-b5ef-bed855b162f0
    method: POST
    uri: https://www.notion.so/api/v3/submitTransaction
  response:
    body:
      string: '{}'
    headers:
      Content-Length:
      - '2'
      Content-Type:
      - application/json; charset=utf-8
      alt-svc:
      - h3=":443"; ma=86400
    status:
      code: 200
      message: OK
- request:
    body: '{"operations": [{"id": "c2073256-40e7-43a4-8959-b79381a4c6fe", "path":
      [], "args": {"id": "c2073256-40e7-43a4-8959-b79381a4c6fe", "version": 1, "alive":
      true, "created_by_id": "a03b888f-5426-4e4f-b5ef-bed855b162f0", "created_by_table":
      "notion_user", "created_time": 1697561759465, "parent_id": "9a2f135a-aafe-40eb-994b-80c0e05a93b1",
      "parent_table": "block", "space_id": "d51d3ca5-7889-4c70-b906-3a5a37b60274",
      "schema": {"RW1S": {"name": "Tags", "type": "multi_select", "options": []},
      "Wbd5": {"name": "URL", "type": "url"}, "kji0": {"name": "Created", "type":
      "created_time"}, "zw9i": {"name": "Updated", "type": "last_edited_time"}, "title":
      {"name": "Title", "type": "title"}}}, "command": "set", "table": "collection"},
      {"id": "9a2f135a-aafe-40eb-994b-80c0e05a93b1", "path": ["content"], "args":
      {"id": "c2073256-40e7-43a4-8959-b79381a4c6fe"}, "command": "listAfter", "table":
      "block"}, {"args": {"last_edited_by_id": "a03b888f-5426-4e4f-b5ef-bed855b162f0",
      "last_edited_by_table": "notion_user", "last_edited_time": 1697561759465}, "command":
      "update", "id": "9a2f135a-aafe-40eb-994b-80c0e05a93b1", "path": [], "table":
      "block"}, {"args": {"last_edited_by_id": "a03b888f-5426-4e4f-b5ef-bed855b162f0",
      "last_edited_by_table": "notion_user", "last_edited_time": 1697561759465}, "command":
      "update", "id": "9a2f135a-aafe-40eb-994b-80c0e05a93b1", "path": [], "table":
      "block"}]}'
    headers:
      Content-Length:
      - '1382'
      Content-Type:
      - application/json
      cookie:
      - PRIVATE
      x-notion-active-user-header:
      - a03b888f-5426-4e4f-b5ef-bed855b162f0
    method: POST
    uri: https://www.notion.so/api/v3/submitTransaction
  response:
    body:
      string: '{}'
    headers:
      Content-Length:
      - '2'
      Content-Type:
      - application/json; charset=utf-8
      alt-svc:
      - h3=":443"; ma=86400
    status:
      code: 200
      message: OK
- request:
    body: '{"operations": [{"id": "9a2f135a-aafe-40eb-994b-80c0e05a93b1", "path":
      ["format", "collection_pointer", "id"], "args": "c2073256-40e7-43a4-8959-b79381a4c6fe",
      "command": "set", "table": "block"}, {"args": {"last_edited_by_id": "a03b888f-5426-4e4f-b5ef-bed855b162f0",
      "last_edited_by_table": "notion_user", "last_edited_time": 1697561759929}, "command":
      "update", "id": "9a2f135a-aafe-40eb-994b-80c0e05a93b1", "path": [], "table":
      "block"}]}'
    headers:
      Content-Length:
      - '440'
      Content-Type:
      - application/json
      cookie:
      - PRIVATE
      x-notion-active-user-header:
      - a03b888f-5426-4e4f-b5ef-bed855b162f0
    method: POST
    uri: https://www.notion.so/api/v3/submitTransaction
  response:
    body:
      string: '{}'
    headers:
      Content-Length:
      - '2'
      Content-Type:
      - application/json; charset=utf-8
      alt-svc:
      - h3=":443"; ma=86400
    status:
      code: 200
      message: OK
- request:
    body: '{"operations": [{"id": "3f701fa4-9aba-4f62-887b-1429f8490026", "path":
      [], "args": {"id": "3f701fa4-9aba-4f62-887b-1429f8490026", "version": 1, "alive":
      true, "created_by_id": "a03b888f-5426-4e4f-b5ef-bed855b162f0", "created_by_table":
      "notion_user", "created_time": 1697561760270, "parent_id": "9a2f135a-aafe-40eb-994b-80c0e05a93b1",
      "parent_table": "block", "space_id": "d51d3ca5-7889-4c70-b906-3a5a37b60274",
      "type": "list"}, "command": "set", "table": "collection_view"}, {"id": "9a2f135a-aafe-40eb-994b-80c0e05a93b1",
      "path": ["content"], "args": {"id": "3f701fa4-9aba-4f62-887b-1429f8490026"},
      "command": "listAfter", "table": "block"}, {"args": {"last_edited_by_id": "a03b888f-5426-4e4f-b5ef-bed855b162f0",
      "last_edited_by_table": "notion_user", "last_edited_time": 1697561760270}, "command":
      "update", "id": "9a2f135a-aafe-40eb-994b-80c0e05a93b1", "path": [], "table":
      "block"}, {"args": {"last_edited_by_id": "a03b888f-5426-4e4f-b5ef-bed855b162f0",
      "last_edited_by_table": "notion_user", "last_edited_time": 1697561760270}, "command":
      "update", "id": "9a2f135a-aafe-40eb-994b-80c0e05a93b1", "path": [], "table":
      "block"}]}'
    headers:
      Content-Length:
      - '1131'
      Content-Type:
      - application/json
      cookie:
      - PRIVATE
      x-notion-active-user-header:
      - a03b888f-5426-4e4f-b5ef-bed855b162f0
    method: POST
    uri: https://www.notion.so/api/v3/submitTransaction
  response:
    body:
      string: '{}'
    headers:
      Content-Length:
      - '2'
      Content-Type:
      - application/json; charset=utf-8
      alt-svc:
      - h3=":443"; ma=86400
    status:
      code: 200
      message: OK
- request:
    body: '{"operations": [{"id": "3f701fa4-9aba-4f62-887b-1429f8490026", "path":
      ["collection_id"], "args": "c2073256-40e7-43a4-8959-b79381a4c6fe", "command":
      "set", "table": "collection_view"}]}'
    headers:
      Content-Length:
      - '185'
      Content-Type:
      - application/json
      cookie:
      - PRIVATE
      x-notion-active-user-header:
      - a03b888f-5426-4e4f-b5ef-bed855b162f0
    method: POST
    uri: https://www.notion.so/api/v3/submitTransaction
  response:
    body:
      string: '{}'
    headers:
      Content-Length:
      - '2'
      Content-Type:
      - application/json; charset=utf-8
      alt-svc:
      - h3=":443"; ma=86400
    status:
      code: 200
      message: OK
- request:
    body: '{"operations": [{"id": "9a2f135a-aafe-40eb-994b-80c0e05a93b1", "path":
      ["view_ids"], "args": ["3f701fa4-9aba-4f62-887b-1429f8490026"], "command": "set",
      "table": "block"}, {"args": {"last_edited_by_id": "a03b888f-5426-4e4f-b5ef-bed855b162f0",
      "last_edited_by_table": "notion_user", "last_edited_time": 1697561761025}, "command":
      "update", "id": "9a2f135a-aafe-40eb-994b-80c0e05a93b1", "path": [], "table":
      "block"}]}'
    headers:
      Content-Length:
      - '416'
      Content-Type:
      - application/json
      cookie:
      - PRIVATE
      x-notion-active-user-header:
      - a03b888f-5426-4e4f-b5ef-bed855b162f0
    method: POST
    uri: https://www.notion.so/api/v3/submitTransaction
  response:
    body:
      string: '{}'
    headers:
      Content-Length:
      - '2'
      Content-Type:
      - application/json; charset=utf-8
      alt-svc:
      - h3=":443"; ma=86400
    status:
      code: 200
      message: OK
- request:
    body: '{"operations": [{"id": "3f701fa4-9aba-4f62-887b-1429f8490026", "path":
      ["format", "list_properties"], "args": [{"property": "RW1S", "visible": true},
      {"property": "Wbd5", "visible": false}, {"property": "kji0", "visible": false},
      {"property": "zw9i", "visible": true}], "command": "set", "table": "collection_view"}]}'
    headers:
      Content-Length:
      - '317'
      Content-Type:
      - application/json
      cookie:
      - PRIVATE
      x-notion-active-user-header:
      - a03b888f-5426-4e4f-b5ef-bed855b162f0
    method: POST
    uri: https://www.notion.so/api/v3/submitTransaction
  response:
    body:
      string: '{}'
    headers:
      Content-Length:
      - '2'
      Content-Type:
      - application/json; charset=utf-8
      alt-svc:
      - h3=":443"; ma=86400
    status:
      code: 200
      message: OK
- request:
    body: '{"operations": [{"id": "c2073256-40e7-43a4-8959-b79381a4c6fe", "path":
      ["format", "collection_page_properties"], "args": [{"property": "RW1S", "visible":
      true}, {"property": "Wbd5", "visible": false}, {"property": "kji0", "visible":
      false}, {"property": "zw9i", "visible": true}], "command": "set", "table": "collection"}]}'
    headers:
      Content-Length:
      - '323'
      Content-Type:
      - application/json
      cookie:
      - PRIVATE
      x-notion-active-user-header:
      - a03b888f-5426-4e4f-b5ef-bed855b162f0
    method: POST
    uri: https://www.notion.so/api/v3/submitTransaction
  response:
    body:
      string: '{}'
    headers:
      Content-Length:
      - '2'
      Content-Type:
      - application/json; charset=utf-8
      alt-svc:
      - h3=":443"; ma=86400
    status:
      code: 200
      message: OK
- request:
    body: '{"operations": [{"id": "c2073256-40e7-43a4-8959-b79381a4c6fe", "path":
      ["name"], "args": [["test_database"]], "command": "set", "table": "collection"}]}'
    headers:
      Content-Length:
      - '152'
      Content-Type:
      - application/json
      cookie:
      - PRIVATE
      x-notion-active-user-header:
      - a03b888f-5426-4e4f-b5ef-bed855b162f0
    method: POST
    uri: https://www.notion.so/api/v3/submitTransaction
  response:
    body:
      string: '{}'
    headers:
      Content-Length:
      - '2'
      Content-Type:
      - application/json; charset=utf-8
      alt-svc:
      - h3=":443"; ma=86400
    status:
      code: 200
      message: OK
- request:
    body: '{"operations": [{"id": "1d73013a-aeae-4d92-98f7-552100e74d04", "path":
      [], "args": {"id": "1d73013a-aeae-4d92-98f7-552100e74d04", "version": 1, "alive":
      true, "created_by_id": "a03b888f-5426-4e4f-b5ef-bed855b162f0", "created_by_table":
      "notion_user", "created_time": 1697561762531, "parent_id": "c2073256-40e7-43a4-8959-b79381a4c6fe",
      "parent_table": "collection", "space_id": "d51d3ca5-7889-4c70-b906-3a5a37b60274",
      "type": "page"}, "command": "set", "table": "block"}, {"args": {"last_edited_by_id":
      "a03b888f-5426-4e4f-b5ef-bed855b162f0", "last_edited_by_table": "notion_user",
      "last_edited_time": 1697561762531}, "command": "update", "id": "1d73013a-aeae-4d92-98f7-552100e74d04",
      "path": [], "table": "block"}, {"args": {"last_edited_by_id": "a03b888f-5426-4e4f-b5ef-bed855b162f0",
      "last_edited_by_table": "notion_user", "last_edited_time": 1697561762531}, "command":
      "update", "id": "1d73013a-aeae-4d92-98f7-552100e74d04", "path": [], "table":
      "block"}]}'
    headers:
      Content-Length:
      - '959'
      Content-Type:
      - application/json
      cookie:
      - PRIVATE
      x-notion-active-user-header:
      - a03b888f-5426-4e4f-b5ef-bed855b162f0
    method: POST
    uri: https://www.notion.so/api/v3/submitTransaction
  response:
    body:
      string: '{}'
    headers:
      Content-Length:
      - '2'
      Content-Type:
      - application/json; charset=utf-8
      alt-svc:
      - h3=":443"; ma=86400
    status:
      code: 200
      message: OK
- request:
    body: '{"operations": [{"id": "1d73013a-aeae-4d92-98f7-552100e74d04", "path":
      ["properties", "title"], "args": [["test1 [UNFINISHED UPLOAD]"]], "command":
      "set", "table": "block"}, {"args": {"last_edited_by_id": "a03b888f-5426-4e4f-b5ef-bed855b162f0",
      "last_edited_by_table": "notion_user", "last_edited_time": 1697561762975}, "command":
      "update", "id": "1d73013a-aeae-4d92-98f7-552100e74d04", "path": [], "table":
      "block"}, {"id": "1d73013a-aeae-4d92-98f7-552100e74d04", "path": ["properties",
      "Wbd5"], "args": [["", [["a", ""]]]], "command": "set", "table": "block"}, {"args":
      {"last_edited_by_id": "a03b888f-5426-4e4f-b5ef-bed855b162f0", "last_edited_by_table":
      "notion_user", "last_edited_time": 1697561762975}, "command": "update", "id":
      "1d73013a-aeae-4d92-98f7-552100e74d04", "path": [], "table": "block"}, {"id":
      "1d73013a-aeae-4d92-98f7-552100e74d04", "path": ["properties", "RW1S"], "args":
      [[""]], "command": "set", "table": "block"}, {"args": {"last_edited_by_id":
      "a03b888f-5426-4e4f-b5ef-bed855b162f0", "last_edited_by_table": "notion_user",
      "last_edited_time": 1697561762975}, "command": "update", "id": "1d73013a-aeae-4d92-98f7-552100e74d04",
      "path": [], "table": "block"}, {"id": "1d73013a-aeae-4d92-98f7-552100e74d04",
      "path": ["created_time"], "args": 1637193600000, "command": "set", "table":
      "block"}, {"args": {"last_edited_by_id": "a03b888f-5426-4e4f-b5ef-bed855b162f0",
      "last_edited_by_table": "notion_user", "last_edited_time": 1697561762976}, "command":
      "update", "id": "1d73013a-aeae-4d92-98f7-552100e74d04", "path": [], "table":
      "block"}, {"id": "3f701fa4-9aba-4f62-887b-1429f8490026", "path": ["page_sort"],
      "args": ["1d73013a-aeae-4d92-98f7-552100e74d04"], "command": "set", "table":
      "collection_view"}, {"args": {"last_edited_by_id": "a03b888f-5426-4e4f-b5ef-bed855b162f0",
      "last_edited_by_table": "notion_user", "last_edited_time": 1697561762976}, "command":
      "update", "id": "1d73013a-aeae-4d92-98f7-552100e74d04", "path": [], "table":
      "block"}]}'
    headers:
      Content-Length:
      - '1971'
      Content-Type:
      - application/json
      cookie:
      - PRIVATE
      x-notion-active-user-header:
      - a03b888f-5426-4e4f-b5ef-bed855b162f0
    method: POST
    uri: https://www.notion.so/api/v3/submitTransaction
  response:
    body:
      string: '{}'
    headers:
      Content-Length:
      - '2'
      Content-Type:
      - application/json; charset=utf-8
      alt-svc:
      - h3=":443"; ma=86400
    status:
      code: 200
      message: OK
- request:
    body: '{"operations": [{"id": "1d73013a-aeae-4d92-98f7-552100e74d04", "path":
      [], "args": {"alive": false}, "command": "update", "table": "block"}, {"args":
      {"last_edited_by_id": "a03b888f-5426-4e4f-b5ef-bed855b162f0", "last_edited_by_table":
      "notion_user", "last_edited_time": 1697561763328}, "command": "update", "id":
      "1d73013a-aeae-4d92-98f7-552100e74d04", "path": [], "table": "block"}]}'
    headers:
      Content-Length:
      - '385'
      Content-Type:
      - application/json
      cookie:
      - PRIVATE
      x-notion-active-user-header:
      - a03b888f-5426-4e4f-b5ef-bed855b162f0
    method: POST
    uri: https://www.notion.so/api/v3/submitTransaction
  response:
    body:
      string: '{}'
    headers:
      Content-Length:
      - '2'
      Content-Type:
      - application/json; charset=utf-8
      alt-svc:
      - h3=":443"; ma=86400
    status:
      code: 200
      message: OK
- request:
    body: '{"collection": {"id": "c2073256-40e7-43a4-8959-b79381a4c6fe", "spaceId":
      "d51d3ca5-7889-4c70-b906-3a5a37b60274"}, "collectionView": {"id": "3f701fa4-9aba-4f62-887b-1429f8490026",
      "spaceId": "d51d3ca5-7889-4c70-b906-3a5a37b60274"}, "loader": {"reducers": {"table:uncategorized:title:count":
      {"aggregation": {"aggregator": "count", "property": "title"}, "type": "aggregation"}},
      "searchQuery": "", "sort": [], "userTimeZone": "Asia/Tashkent", "type": "reducer"}}'
    headers:
      Content-Length:
      - '460'
      Content-Type:
      - application/json
      cookie:
      - PRIVATE
      x-notion-active-user-header:
      - a03b888f-5426-4e4f-b5ef-bed855b162f0
    method: POST
    uri: https://www.notion.so/api/v3/queryCollection
  response:
    body:
      string: '{"result":{"type":"reducer","reducerResults":{"table:uncategorized:title:count":{"type":"aggregation","aggregationResult":{"type":"number","value":0}}},"sizeHint":0},"recordMap":{},"collectionIds":["c2073256-40e7-43a4-8959-b79381a4c6fe"],"allBlockIds":[],"shouldUseClientMode":true,"isViewSpecificClientMode":false}'
    headers:
      Content-Type:
      - application/json; charset=utf-8
      Transfer-Encoding:
      - chunked
      alt-svc:
      - h3=":443"; ma=86400
      content-length:
      - '315'
    status:
      code: 200
      message: OK
- request:
    body: '{"collection": {"id": "c2073256-40e7-43a4-8959-b79381a4c6fe", "spaceId":
      "d51d3ca5-7889-4c70-b906-3a5a37b60274"}, "collectionView": {"id": "3f701fa4-9aba-4f62-887b-1429f8490026",
      "spaceId": "d51d3ca5-7889-4c70-b906-3a5a37b60274"}, "loader": {"reducers": {"collection_group_results":
      {"limit": 0, "type": "results"}}, "searchQuery": "", "sort": [], "userTimeZone":
      "Asia/Tashkent", "type": "reducer"}}'
    headers:
      Content-Length:
      - '400'
      Content-Type:
      - application/json
      cookie:
      - PRIVATE
      x-notion-active-user-header:
      - a03b888f-5426-4e4f-b5ef-bed855b162f0
    method: POST
    uri: https://www.notion.so/api/v3/queryCollection
  response:
    body:
      string: '{"result":{"type":"reducer","reducerResults":{"collection_group_results":{"type":"results","blockIds":[],"hasMore":false}},"sizeHint":0},"recordMap":{},"collectionIds":["c2073256-40e7-43a4-8959-b79381a4c6fe"],"allBlockIds":[],"shouldUseClientMode":true,"isViewSpecificClientMode":false}'
    headers:
      Content-Type:
      - application/json; charset=utf-8
      Transfer-Encoding:
      - chunked
      alt-svc:
      - h3=":443"; ma=86400
      content-length:
      - '286'
    status:
      code: 200
      message: OK
- request:
    body: '{"operations": [{"id": "d81f48b1-8ab7-496f-9463-a774bd63ab6d", "path":
      [], "args": {"alive": false}, "command": "update", "table": "block"}, {"args":
      {"last_edited_by_id": "a03b888f-5426-4e4f-b5ef-bed855b162f0", "last_edited_by_table":
      "notion_user", "last_edited_time": 1697561764316}, "command": "update", "id":
      "d81f48b1-8ab7-496f-9463-a774bd63ab6d", "path": [], "table": "block"}, {"id":
      "d51d3ca5-7889-4c70-b906-3a5a37b60274", "path": ["pages"], "args": {"id": "d81f48b1-8ab7-496f-9463-a774bd63ab6d"},
      "command": "listRemove", "table": "space"}, {"args": {"last_edited_by_id": "a03b888f-5426-4e4f-b5ef-bed855b162f0",
      "last_edited_by_table": "notion_user", "last_edited_time": 1697561764316}, "command":
      "update", "id": "d81f48b1-8ab7-496f-9463-a774bd63ab6d", "path": [], "table":
      "block"}]}'
    headers:
      Content-Length:
      - '795'
      Content-Type:
      - application/json
      cookie:
      - PRIVATE
      x-notion-active-user-header:
      - a03b888f-5426-4e4f-b5ef-bed855b162f0
    method: POST
    uri: https://www.notion.so/api/v3/submitTransaction
  response:
    body:
      string: '{}'
    headers:
      Content-Length:
      - '2'
      Content-Type:
      - application/json; charset=utf-8
      alt-svc:
      - h3=":443"; ma=86400
    status:
      code: 200
      message: OK
- request:
    body: '{"blockIds": ["d81f48b1-8ab7-496f-9463-a774bd63ab6d"], "permanentlyDelete":
      true}'
    headers:
      Content-Length:
      - '81'
      Content-Type:
      - application/json
      cookie:
      - PRIVATE
      x-notion-active-user-header:
      - a03b888f-5426-4e4f-b5ef-bed855b162f0
    method: POST
    uri: https://www.notion.so/api/v3/deleteBlocks
  response:
    body:
      string: '{"recordMap":{"block":{"d81f48b1-8ab7-496f-9463-a774bd63ab6d":{"role":"none"}},"space":{"d51d3ca5-7889-4c70-b906-3a5a37b60274":{"value":{"id":"d51d3ca5-7889-4c70-b906-3a5a37b60274","version":6245,"name":"test_py","permissions":[{"role":"editor","type":"user_permission","user_id":"a03b888f-5426-4e4f-b5ef-bed855b162f0"}],"beta_enabled":false,"created_time":1638259881592,"last_edited_time":1657343400000,"created_by_table":"notion_user","created_by_id":"a03b888f-5426-4e4f-b5ef-bed855b162f0","last_edited_by_table":"notion_user","last_edited_by_id":"a03b888f-5426-4e4f-b5ef-bed855b162f0","plan_type":"personal","invite_link_enabled":true,"settings":{"space_survey_data":{"intent":{"value":"personal","version":1,"collected_at":1638259881592,"collected_from":"onboarding"}}},"subscription_tier":"free"},"role":"editor"}}}}'
    headers:
      Content-Type:
      - application/json; charset=utf-8
      Transfer-Encoding:
      - chunked
      alt-svc:
      - h3=":443"; ma=86400
      content-length:
      - '821'
    status:
      code: 200
      message: OK
version: 1
